// Jest Snapshot v1, https://goo.gl/fbAQLP

exports[`<ErrorText /> Rendering should render correctly when there is a text prop 1`] = `
<span
  className="error-text"
>
  I am an error
</span>
`;

exports[`<ErrorText /> Rendering should render nothing when there is no text prop 1`] = `""`;
