// Jest Snapshot v1, https://goo.gl/fbAQLP

exports[`<EmailConfirmation /> Rendering should render correctly 1`] = `
<div>
  <h1>
    Please confirm your email account.
  </h1>
</div>
`;
